[0.008s][info][gc] Using The Z Garbage Collector
[0.190s][info][gc] GC(0) Garbage Collection (Warmup) 4M(20%)->4M(20%)
[0.283s][info][gc] GC(1) Garbage Collection (Warmup) 4M(20%)->4M(20%)
[1.188s][info][gc] GC(2) Garbage Collection (Warmup) 6M(30%)->4M(20%)
[5.684s][info][gc] GC(3) Garbage Collection (Proactive) 10M(50%)->6M(30%)
[5.783s][info][gc] GC(4) Garbage Collection (Allocation Rate) 16M(80%)->8M(40%)
[5.890s][info][gc] GC(5) Garbage Collection (Allocation Rate) 8M(40%)->6M(30%)
[5.982s][info][gc] GC(6) Garbage Collection (Allocation Rate) 8M(40%)->8M(40%)
[6.082s][info][gc] GC(7) Garbage Collection (Allocation Rate) 10M(50%)->8M(40%)
[6.195s][info][gc] GC(8) Garbage Collection (Allocation Rate) 10M(50%)->6M(30%)
[6.288s][info][gc] GC(9) Garbage Collection (Allocation Rate) 8M(40%)->6M(30%)
[6.380s][info][gc] GC(10) Garbage Collection (Allocation Rate) 8M(40%)->6M(30%)
[6.490s][info][gc] GC(11) Garbage Collection (Allocation Rate) 8M(40%)->6M(30%)
[6.582s][info][gc] GC(12) Garbage Collection (Allocation Rate) 8M(40%)->6M(30%)
[7.278s][info][gc] GC(13) Garbage Collection (Proactive) 8M(40%)->8M(40%)
[7.388s][info][gc] GC(14) Garbage Collection (Allocation Rate) 10M(50%)->8M(40%)
[7.479s][info][gc] GC(15) Garbage Collection (Allocation Rate) 10M(50%)->8M(40%)
[8.180s][info][gc] GC(16) Garbage Collection (Proactive) 10M(50%)->8M(40%)
[8.785s][info][gc] GC(17) Garbage Collection (Proactive) 10M(50%)->8M(40%)
[9.680s][info][gc] GC(18) Garbage Collection (Proactive) 10M(50%)->8M(40%)
[10.483s][info][gc] GC(19) Garbage Collection (Proactive) 10M(50%)->8M(40%)
[11.386s][info][gc] GC(20) Garbage Collection (Proactive) 10M(50%)->8M(40%)
[12.191s][info][gc] GC(21) Garbage Collection (Proactive) 10M(50%)->8M(40%)
[12.987s][info][gc] GC(22) Garbage Collection (Proactive) 10M(50%)->10M(50%)
[17.187s][info][gc] GC(23) Garbage Collection (Proactive) 12M(60%)->8M(40%)
[18.283s][info][gc] GC(24) Garbage Collection (Proactive) 10M(50%)->8M(40%)
[19.092s][info][gc] GC(25) Garbage Collection (Proactive) 10M(50%)->6M(30%)
[19.990s][info][gc] GC(26) Garbage Collection (Proactive) 8M(40%)->6M(30%)
[20.802s][info][gc] GC(27) Garbage Collection (Proactive) 8M(40%)->6M(30%)
[23.596s][info][gc] GC(28) Garbage Collection (Proactive) 8M(40%)->8M(40%)
[28.692s][info][gc] GC(29) Garbage Collection (Proactive) 10M(50%)->8M(40%)
[30.384s][info][gc] GC(30) Garbage Collection (Proactive) 10M(50%)->8M(40%)
[31.687s][info][gc] GC(31) Garbage Collection (Proactive) 10M(50%)->8M(40%)
[32.595s][info][gc] GC(32) Garbage Collection (Proactive) 10M(50%)->8M(40%)
[33.681s][info][gc] GC(33) Garbage Collection (Proactive) 10M(50%)->8M(40%)
[34.583s][info][gc] GC(34) Garbage Collection (Proactive) 10M(50%)->8M(40%)
[35.396s][info][gc] GC(35) Garbage Collection (Proactive) 10M(50%)->8M(40%)
[36.183s][info][gc] GC(36) Garbage Collection (Proactive) 10M(50%)->8M(40%)
[37.189s][info][gc] GC(37) Garbage Collection (Proactive) 10M(50%)->8M(40%)
[38.188s][info][gc] GC(38) Garbage Collection (Proactive) 10M(50%)->8M(40%)
[39.184s][info][gc] GC(39) Garbage Collection (Proactive) 10M(50%)->8M(40%)
[40.178s][info][gc] GC(40) Garbage Collection (Proactive) 10M(50%)->8M(40%)
[41.190s][info][gc] GC(41) Garbage Collection (Proactive) 10M(50%)->8M(40%)
[42.183s][info][gc] GC(42) Garbage Collection (Proactive) 10M(50%)->8M(40%)
[43.188s][info][gc] GC(43) Garbage Collection (Proactive) 10M(50%)->8M(40%)
[44.178s][info][gc] GC(44) Garbage Collection (Proactive) 10M(50%)->8M(40%)
[45.187s][info][gc] GC(45) Garbage Collection (Proactive) 10M(50%)->8M(40%)
[46.192s][info][gc] GC(46) Garbage Collection (Proactive) 10M(50%)->8M(40%)
[47.186s][info][gc] GC(47) Garbage Collection (Proactive) 10M(50%)->10M(50%)
[58.182s][info][gc] GC(48) Garbage Collection (Proactive) 12M(60%)->8M(40%)
[59.187s][info][gc] GC(49) Garbage Collection (Proactive) 10M(50%)->8M(40%)
[60.190s][info][gc] GC(50) Garbage Collection (Proactive) 10M(50%)->8M(40%)
[61.184s][info][gc] GC(51) Garbage Collection (Proactive) 10M(50%)->8M(40%)
[62.188s][info][gc] GC(52) Garbage Collection (Proactive) 10M(50%)->8M(40%)
[63.179s][info][gc] GC(53) Garbage Collection (Proactive) 10M(50%)->10M(50%)
[70.674s][info][gc] Allocation Stall (main) 10.960ms
[70.675s][info][gc] GC(54) Garbage Collection (Allocation Stall) 20M(100%)->12M(60%)
[70.693s][info][gc] Allocation Stall (main) 10.138ms
[70.694s][info][gc] GC(55) Garbage Collection (Allocation Stall) 20M(100%)->14M(70%)
[70.711s][info][gc] Allocation Stall (main) 10.230ms
[70.712s][info][gc] GC(56) Garbage Collection (Allocation Stall) 20M(100%)->16M(80%)
[70.793s][info][gc] GC(57) Garbage Collection (Allocation Rate) 18M(90%)->8M(40%)
[70.883s][info][gc] GC(58) Garbage Collection (Allocation Rate) 8M(40%)->8M(40%)
[70.991s][info][gc] GC(59) Garbage Collection (Allocation Rate) 8M(40%)->8M(40%)
[71.083s][info][gc] GC(60) Garbage Collection (Allocation Rate) 8M(40%)->8M(40%)
[71.180s][info][gc] GC(61) Garbage Collection (Allocation Rate) 10M(50%)->10M(50%)
[71.288s][info][gc] GC(62) Garbage Collection (Allocation Rate) 10M(50%)->8M(40%)
[71.383s][info][gc] GC(63) Garbage Collection (Allocation Rate) 8M(40%)->8M(40%)
[71.493s][info][gc] GC(64) Garbage Collection (Allocation Rate) 8M(40%)->8M(40%)
[71.585s][info][gc] GC(65) Garbage Collection (Allocation Rate) 8M(40%)->8M(40%)
[71.787s][info][gc] GC(66) Garbage Collection (Allocation Rate) 8M(40%)->8M(40%)
[71.878s][info][gc] GC(67) Garbage Collection (Allocation Rate) 8M(40%)->8M(40%)
[71.987s][info][gc] GC(68) Garbage Collection (Allocation Rate) 8M(40%)->8M(40%)
[72.082s][info][gc] GC(69) Garbage Collection (Allocation Rate) 8M(40%)->8M(40%)
[72.192s][info][gc] GC(70) Garbage Collection (Allocation Rate) 10M(50%)->8M(40%)
[72.284s][info][gc] GC(71) Garbage Collection (Allocation Rate) 8M(40%)->8M(40%)
[72.394s][info][gc] GC(72) Garbage Collection (Allocation Rate) 8M(40%)->8M(40%)
[72.486s][info][gc] GC(73) Garbage Collection (Allocation Rate) 8M(40%)->8M(40%)
[73.179s][info][gc] GC(74) Garbage Collection (Proactive) 10M(50%)->10M(50%)
[83.283s][info][gc] GC(75) Garbage Collection (Proactive) 12M(60%)->8M(40%)
[84.178s][info][gc] GC(76) Garbage Collection (Proactive) 10M(50%)->8M(40%)
[84.894s][info][gc] GC(77) Garbage Collection (Proactive) 10M(50%)->8M(40%)
[85.689s][info][gc] GC(78) Garbage Collection (Proactive) 12M(60%)->10M(50%)
[86.389s][info][gc] GC(79) Garbage Collection (Proactive) 12M(60%)->10M(50%)
[87.188s][info][gc] GC(80) Garbage Collection (Proactive) 12M(60%)->12M(60%)
[94.289s][info][gc] GC(81) Garbage Collection (Proactive) 14M(70%)->8M(40%)
[95.186s][info][gc] GC(82) Garbage Collection (Proactive) 10M(50%)->10M(50%)
[104.291s][info][gc] GC(83) Garbage Collection (Proactive) 12M(60%)->8M(40%)
[105.189s][info][gc] GC(84) Garbage Collection (Proactive) 10M(50%)->8M(40%)
[105.986s][info][gc] GC(85) Garbage Collection (Proactive) 10M(50%)->8M(40%)
[106.883s][info][gc] GC(86) Garbage Collection (Proactive) 10M(50%)->8M(40%)
[107.689s][info][gc] GC(87) Garbage Collection (Proactive) 10M(50%)->8M(40%)
[108.386s][info][gc] GC(88) Garbage Collection (Proactive) 10M(50%)->8M(40%)
[109.391s][info][gc] GC(89) Garbage Collection (Proactive) 10M(50%)->8M(40%)
[110.288s][info][gc] GC(90) Garbage Collection (Proactive) 10M(50%)->8M(40%)
[111.186s][info][gc] GC(91) Garbage Collection (Proactive) 10M(50%)->8M(40%)
[111.991s][info][gc] GC(92) Garbage Collection (Proactive) 12M(60%)->10M(50%)
[112.680s][info][gc] GC(93) Garbage Collection (Proactive) 12M(60%)->10M(50%)
[113.383s][info][gc] GC(94) Garbage Collection (Proactive) 12M(60%)->10M(50%)
[114.181s][info][gc] GC(95) Garbage Collection (Proactive) 12M(60%)->10M(50%)
[114.787s][info][gc] GC(96) Garbage Collection (Proactive) 12M(60%)->10M(50%)
[115.390s][info][gc] GC(97) Garbage Collection (Proactive) 12M(60%)->10M(50%)
[116.189s][info][gc] GC(98) Garbage Collection (Proactive) 12M(60%)->10M(50%)
[116.790s][info][gc] GC(99) Garbage Collection (Proactive) 12M(60%)->10M(50%)
[117.378s][info][gc] GC(100) Garbage Collection (Proactive) 12M(60%)->10M(50%)
[118.188s][info][gc] GC(101) Garbage Collection (Proactive) 12M(60%)->10M(50%)
[118.779s][info][gc] GC(102) Garbage Collection (Proactive) 12M(60%)->10M(50%)
[119.480s][info][gc] GC(103) Garbage Collection (Proactive) 12M(60%)->10M(50%)
[120.189s][info][gc] GC(104) Garbage Collection (Proactive) 12M(60%)->10M(50%)
[120.787s][info][gc] GC(105) Garbage Collection (Proactive) 12M(60%)->10M(50%)
[121.383s][info][gc] GC(106) Garbage Collection (Proactive) 12M(60%)->10M(50%)
[122.288s][info][gc] GC(107) Garbage Collection (Proactive) 12M(60%)->10M(50%)
[123.289s][info][gc] GC(108) Garbage Collection (Proactive) 12M(60%)->10M(50%)
[124.288s][info][gc] GC(109) Garbage Collection (Proactive) 12M(60%)->10M(50%)
[125.191s][info][gc] GC(110) Garbage Collection (Proactive) 12M(60%)->10M(50%)
[125.788s][info][gc] GC(111) Garbage Collection (Proactive) 12M(60%)->10M(50%)
[126.484s][info][gc] GC(112) Garbage Collection (Proactive) 12M(60%)->10M(50%)
[127.191s][info][gc] GC(113) Garbage Collection (Proactive) 12M(60%)->10M(50%)
[127.890s][info][gc] GC(114) Garbage Collection (Proactive) 12M(60%)->10M(50%)
[128.582s][info][gc] GC(115) Garbage Collection (Proactive) 12M(60%)->10M(50%)
[129.189s][info][gc] GC(116) Garbage Collection (Proactive) 12M(60%)->10M(50%)
[129.792s][info][gc] GC(117) Garbage Collection (Proactive) 12M(60%)->10M(50%)
[130.393s][info][gc] GC(118) Garbage Collection (Proactive) 12M(60%)->10M(50%)
[131.187s][info][gc] GC(119) Garbage Collection (Proactive) 12M(60%)->12M(60%)
[143.278s][info][gc] GC(120) Garbage Collection (Proactive) 14M(70%)->10M(50%)
[144.285s][info][gc] GC(121) Garbage Collection (Proactive) 12M(60%)->10M(50%)
[145.293s][info][gc] GC(122) Garbage Collection (Proactive) 12M(60%)->10M(50%)
[146.287s][info][gc] GC(123) Garbage Collection (Proactive) 12M(60%)->10M(50%)
[147.279s][info][gc] GC(124) Garbage Collection (Proactive) 12M(60%)->10M(50%)
[148.290s][info][gc] GC(125) Garbage Collection (Proactive) 12M(60%)->10M(50%)
[149.290s][info][gc] GC(126) Garbage Collection (Proactive) 12M(60%)->10M(50%)
[150.291s][info][gc] GC(127) Garbage Collection (Proactive) 12M(60%)->10M(50%)
[151.293s][info][gc] GC(128) Garbage Collection (Proactive) 12M(60%)->10M(50%)
[152.283s][info][gc] GC(129) Garbage Collection (Proactive) 12M(60%)->10M(50%)
[153.284s][info][gc] GC(130) Garbage Collection (Proactive) 12M(60%)->10M(50%)
[154.290s][info][gc] GC(131) Garbage Collection (Proactive) 12M(60%)->10M(50%)
[155.279s][info][gc] GC(132) Garbage Collection (Proactive) 12M(60%)->10M(50%)
[156.281s][info][gc] GC(133) Garbage Collection (Proactive) 12M(60%)->10M(50%)
[157.286s][info][gc] GC(134) Garbage Collection (Proactive) 12M(60%)->10M(50%)
[158.290s][info][gc] GC(135) Garbage Collection (Proactive) 12M(60%)->10M(50%)
[159.287s][info][gc] GC(136) Garbage Collection (Proactive) 12M(60%)->10M(50%)
[160.292s][info][gc] GC(137) Garbage Collection (Proactive) 12M(60%)->10M(50%)
[161.281s][info][gc] GC(138) Garbage Collection (Proactive) 12M(60%)->10M(50%)
[162.293s][info][gc] GC(139) Garbage Collection (Proactive) 12M(60%)->10M(50%)
[163.292s][info][gc] GC(140) Garbage Collection (Proactive) 12M(60%)->10M(50%)
[164.290s][info][gc] GC(141) Garbage Collection (Proactive) 12M(60%)->10M(50%)
[165.286s][info][gc] GC(142) Garbage Collection (Proactive) 12M(60%)->10M(50%)
[166.280s][info][gc] GC(143) Garbage Collection (Proactive) 12M(60%)->10M(50%)
[167.288s][info][gc] GC(144) Garbage Collection (Proactive) 12M(60%)->10M(50%)
[168.292s][info][gc] GC(145) Garbage Collection (Proactive) 12M(60%)->10M(50%)
[169.283s][info][gc] GC(146) Garbage Collection (Proactive) 12M(60%)->10M(50%)
[170.290s][info][gc] GC(147) Garbage Collection (Proactive) 12M(60%)->10M(50%)
[171.289s][info][gc] GC(148) Garbage Collection (Proactive) 12M(60%)->10M(50%)
[172.282s][info][gc] GC(149) Garbage Collection (Proactive) 12M(60%)->10M(50%)
[173.279s][info][gc] GC(150) Garbage Collection (Proactive) 12M(60%)->10M(50%)
[174.280s][info][gc] GC(151) Garbage Collection (Proactive) 12M(60%)->10M(50%)
[175.292s][info][gc] GC(152) Garbage Collection (Proactive) 12M(60%)->10M(50%)
[176.290s][info][gc] GC(153) Garbage Collection (Proactive) 12M(60%)->10M(50%)
[177.281s][info][gc] GC(154) Garbage Collection (Proactive) 12M(60%)->10M(50%)
[178.286s][info][gc] GC(155) Garbage Collection (Proactive) 12M(60%)->10M(50%)
[179.279s][info][gc] GC(156) Garbage Collection (Proactive) 12M(60%)->10M(50%)
[180.284s][info][gc] GC(157) Garbage Collection (Proactive) 12M(60%)->10M(50%)
[181.283s][info][gc] GC(158) Garbage Collection (Proactive) 12M(60%)->10M(50%)
[182.287s][info][gc] GC(159) Garbage Collection (Proactive) 12M(60%)->10M(50%)
[183.279s][info][gc] GC(160) Garbage Collection (Proactive) 12M(60%)->10M(50%)
[184.284s][info][gc] GC(161) Garbage Collection (Proactive) 12M(60%)->10M(50%)
[185.283s][info][gc] GC(162) Garbage Collection (Proactive) 12M(60%)->10M(50%)
[186.187s][info][gc] GC(163) Garbage Collection (Proactive) 12M(60%)->10M(50%)
[186.791s][info][gc] GC(164) Garbage Collection (Proactive) 12M(60%)->10M(50%)
[187.383s][info][gc] GC(165) Garbage Collection (Proactive) 12M(60%)->10M(50%)
[188.278s][info][gc] GC(166) Garbage Collection (Proactive) 12M(60%)->10M(50%)
[189.288s][info][gc] GC(167) Garbage Collection (Proactive) 12M(60%)->10M(50%)
[190.281s][info][gc] GC(168) Garbage Collection (Proactive) 12M(60%)->10M(50%)
[191.282s][info][gc] GC(169) Garbage Collection (Proactive) 12M(60%)->10M(50%)
[192.282s][info][gc] GC(170) Garbage Collection (Proactive) 12M(60%)->10M(50%)
[193.288s][info][gc] GC(171) Garbage Collection (Proactive) 12M(60%)->10M(50%)
[194.282s][info][gc] GC(172) Garbage Collection (Proactive) 12M(60%)->10M(50%)
[195.282s][info][gc] GC(173) Garbage Collection (Proactive) 12M(60%)->10M(50%)
[196.278s][info][gc] GC(174) Garbage Collection (Proactive) 12M(60%)->10M(50%)
[196.989s][info][gc] GC(175) Garbage Collection (Proactive) 12M(60%)->8M(40%)
[197.888s][info][gc] GC(176) Garbage Collection (Proactive) 10M(50%)->8M(40%)
[198.989s][info][gc] GC(177) Garbage Collection (Proactive) 10M(50%)->8M(40%)
[199.886s][info][gc] GC(178) Garbage Collection (Proactive) 10M(50%)->8M(40%)
[200.688s][info][gc] GC(179) Garbage Collection (Proactive) 10M(50%)->8M(40%)
[201.494s][info][gc] GC(180) Garbage Collection (Proactive) 10M(50%)->8M(40%)
[202.292s][info][gc] GC(181) Garbage Collection (Proactive) 10M(50%)->8M(40%)
[203.284s][info][gc] GC(182) Garbage Collection (Proactive) 10M(50%)->8M(40%)
[204.280s][info][gc] GC(183) Garbage Collection (Proactive) 10M(50%)->8M(40%)
[205.286s][info][gc] GC(184) Garbage Collection (Proactive) 10M(50%)->8M(40%)
[206.290s][info][gc] GC(185) Garbage Collection (Proactive) 10M(50%)->8M(40%)
[207.280s][info][gc] GC(186) Garbage Collection (Proactive) 10M(50%)->10M(50%)
[220.293s][info][gc] GC(187) Garbage Collection (Proactive) 12M(60%)->8M(40%)
[221.292s][info][gc] GC(188) Garbage Collection (Proactive) 10M(50%)->8M(40%)
[222.290s][info][gc] GC(189) Garbage Collection (Proactive) 10M(50%)->8M(40%)
[223.279s][info][gc] GC(190) Garbage Collection (Proactive) 10M(50%)->10M(50%)
